// Jest Snapshot v1, https://goo.gl/fbAQLP

exports[`Catalog renders correctly 1`] = `
<DocumentFragment>
  <section
    class="catalog"
  >
    <div
      class="container"
    >
      <h1
        class="title title--h2"
      >
        Каталог фото- и видеотехники
      </h1>
    </div>
  </section>
</DocumentFragment>
`;
