// Jest Snapshot v1, https://goo.gl/fbAQLP

exports[`Promocode component renders correctly 1`] = `
<DocumentFragment>
  <div
    class="basket__promo"
  >
    <p
      class="title title--h4"
    >
      Если у вас есть промокод на скидку, примените его в этом поле
    </p>
    <div
      class="basket-form"
    >
      <form
        action="#"
      >
        <div
          class="custom-input"
          data-testid="promocode-container"
        >
          <label>
            <span
              class="custom-input__label"
            >
              Промокод
            </span>
            <input
              name="promo"
              placeholder="Введите промокод"
              type="text"
              value=""
            />
          </label>
        </div>
        <button
          class="btn"
          type="submit"
        >
          Применить
        </button>
      </form>
    </div>
  </div>
</DocumentFragment>
`;
