// Jest Snapshot v1, https://goo.gl/fbAQLP

exports[`ReviewModalContent Renders correctly 1`] = `
<DocumentFragment>
  <div
    class="modal is-active"
    data-testid="review-modal"
  >
    <div
      class="modal__wrapper"
    >
      <div
        class="modal__overlay"
        data-testid="modal-overlay"
      />
      <reviewform />
    </div>
  </div>
</DocumentFragment>
`;
