// Jest Snapshot v1, https://goo.gl/fbAQLP

exports[`Header renders correctly 1`] = `
<DocumentFragment>
  <header
    class="header"
    id="header"
  >
    <div
      class="container"
    >
      <a
        aria-label="Переход на главную"
        class="header__logo"
        href="/"
      >
        <svg
          aria-hidden="true"
          height="36"
          width="100"
        >
          <use
            xlink:href="#icon-logo"
          />
        </svg>
      </a>
      <div
        class="header__main-nav"
      >
        <mainnav />
      </div>
      <search />
      <a
        class="header__basket-link"
        href="https://example.com"
      >
        <svg
          aria-hidden="true"
          height="16"
          width="16"
        >
          <use
            xlink:href="#icon-basket"
          />
        </svg>
      </a>
    </div>
  </header>
</DocumentFragment>
`;
