// Jest Snapshot v1, https://goo.gl/fbAQLP

exports[`SimilarProducts Render correctly 1`] = `
Object {
  "asFragment": [Function],
  "baseElement": <body>
    <div>
      <div
        class="page-content__section"
      >
        <section
          class="product-similar"
          data-testid="similar-products"
        >
          <div
            class="container"
          >
            <h2
              class="title title--h3"
            >
              Похожие товары
            </h2>
            <div
              class="product-similar__slider"
            >
              <div
                class="product-similar__slider-list"
              >
                <div
                  class="product-card is-active"
                  data-testid="product-card"
                >
                  <div
                    class="product-card__img"
                  >
                    <picture>
                      <source
                        srcset="img/content/orlenok.webp, img/content/orlenok@2x.webp 2x"
                        type="image/webp"
                      />
                      <img
                        alt="Орлёнок"
                        height="240"
                        src="img/content/orlenok.jpg"
                        srcset="img/content/orlenok@2x.jpg 2x"
                        width="280"
                      />
                    </picture>
                  </div>
                  <div
                    class="product-card__info"
                  >
                    <div
                      class="rate product-card__rate"
                    >
                      <svg
                        aria-hidden="true"
                        height="16"
                        width="17"
                      >
                        <use
                          data-testid="full-star-icon"
                          xlink:href="#icon-full-star"
                        />
                      </svg>
                      <svg
                        aria-hidden="true"
                        height="16"
                        width="17"
                      >
                        <use
                          data-testid="full-star-icon"
                          xlink:href="#icon-full-star"
                        />
                      </svg>
                      <svg
                        aria-hidden="true"
                        height="16"
                        width="17"
                      >
                        <use
                          data-testid="full-star-icon"
                          xlink:href="#icon-full-star"
                        />
                      </svg>
                      <svg
                        aria-hidden="true"
                        height="16"
                        width="17"
                      >
                        <use
                          xlink:href="#icon-star"
                        />
                      </svg>
                      <svg
                        aria-hidden="true"
                        height="16"
                        width="17"
                      >
                        <use
                          xlink:href="#icon-star"
                        />
                      </svg>
                      <p
                        class="visually-hidden"
                        data-testid="rating"
                      >
                        Рейтинг: 
                        3
                      </p>
                      <p
                        class="rate__count"
                        data-testid="rate-count"
                      >
                        <span
                          class="visually-hidden"
                        >
                          Всего оценок:
                        </span>
                        17
                      </p>
                    </div>
                    <p
                      class="product-card__title"
                      data-testid="name"
                    >
                      Орлёнок
                    </p>
                    <p
                      class="product-card__price"
                      data-testid="price"
                    >
                      <span
                        class="visually-hidden"
                      >
                        Цена:
                      </span>
                      19 970
                       ₽
                    </p>
                  </div>
                  <div
                    class="product-card__buttons"
                  >
                    <button
                      class="btn btn--purple product-card__btn"
                      type="button"
                    >
                      Купить
                    </button>
                    <a
                      class="btn btn--transparent"
                      href="/catalog/product/4"
                    >
                      Подробнее
                    </a>
                  </div>
                </div>
                <div
                  class="product-card is-active"
                  data-testid="product-card"
                >
                  <div
                    class="product-card__img"
                  >
                    <picture>
                      <source
                        srcset="img/content/van-shot.webp, img/content/van-shot@2x.webp 2x"
                        type="image/webp"
                      />
                      <img
                        alt="Van Shot"
                        height="240"
                        src="img/content/van-shot.jpg"
                        srcset="img/content/van-shot@2x.jpg 2x"
                        width="280"
                      />
                    </picture>
                  </div>
                  <div
                    class="product-card__info"
                  >
                    <div
                      class="rate product-card__rate"
                    >
                      <svg
                        aria-hidden="true"
                        height="16"
                        width="17"
                      >
                        <use
                          data-testid="full-star-icon"
                          xlink:href="#icon-full-star"
                        />
                      </svg>
                      <svg
                        aria-hidden="true"
                        height="16"
                        width="17"
                      >
                        <use
                          data-testid="full-star-icon"
                          xlink:href="#icon-full-star"
                        />
                      </svg>
                      <svg
                        aria-hidden="true"
                        height="16"
                        width="17"
                      >
                        <use
                          data-testid="full-star-icon"
                          xlink:href="#icon-full-star"
                        />
                      </svg>
                      <svg
                        aria-hidden="true"
                        height="16"
                        width="17"
                      >
                        <use
                          data-testid="full-star-icon"
                          xlink:href="#icon-full-star"
                        />
                      </svg>
                      <svg
                        aria-hidden="true"
                        height="16"
                        width="17"
                      >
                        <use
                          data-testid="full-star-icon"
                          xlink:href="#icon-full-star"
                        />
                      </svg>
                      <p
                        class="visually-hidden"
                        data-testid="rating"
                      >
                        Рейтинг: 
                        5
                      </p>
                      <p
                        class="rate__count"
                        data-testid="rate-count"
                      >
                        <span
                          class="visually-hidden"
                        >
                          Всего оценок:
                        </span>
                        2
                      </p>
                    </div>
                    <p
                      class="product-card__title"
                      data-testid="name"
                    >
                      Van Shot
                    </p>
                    <p
                      class="product-card__price"
                      data-testid="price"
                    >
                      <span
                        class="visually-hidden"
                      >
                        Цена:
                      </span>
                      149 990
                       ₽
                    </p>
                  </div>
                  <div
                    class="product-card__buttons"
                  >
                    <button
                      class="btn btn--purple product-card__btn"
                      type="button"
                    >
                      Купить
                    </button>
                    <a
                      class="btn btn--transparent"
                      href="/catalog/product/5"
                    >
                      Подробнее
                    </a>
                  </div>
                </div>
                <div
                  class="product-card is-active"
                  data-testid="product-card"
                >
                  <div
                    class="product-card__img"
                  >
                    <picture>
                      <source
                        srcset="img/content/click-sap.webp, img/content/click-sap@2x.webp 2x"
                        type="image/webp"
                      />
                      <img
                        alt="Click Sap"
                        height="240"
                        src="img/content/click-sap.jpg"
                        srcset="img/content/click-sap@2x.jpg 2x"
                        width="280"
                      />
                    </picture>
                  </div>
                  <div
                    class="product-card__info"
                  >
                    <div
                      class="rate product-card__rate"
                    >
                      <svg
                        aria-hidden="true"
                        height="16"
                        width="17"
                      >
                        <use
                          data-testid="full-star-icon"
                          xlink:href="#icon-full-star"
                        />
                      </svg>
                      <svg
                        aria-hidden="true"
                        height="16"
                        width="17"
                      >
                        <use
                          data-testid="full-star-icon"
                          xlink:href="#icon-full-star"
                        />
                      </svg>
                      <svg
                        aria-hidden="true"
                        height="16"
                        width="17"
                      >
                        <use
                          data-testid="full-star-icon"
                          xlink:href="#icon-full-star"
                        />
                      </svg>
                      <svg
                        aria-hidden="true"
                        height="16"
                        width="17"
                      >
                        <use
                          xlink:href="#icon-star"
                        />
                      </svg>
                      <svg
                        aria-hidden="true"
                        height="16"
                        width="17"
                      >
                        <use
                          xlink:href="#icon-star"
                        />
                      </svg>
                      <p
                        class="visually-hidden"
                        data-testid="rating"
                      >
                        Рейтинг: 
                        3
                      </p>
                      <p
                        class="rate__count"
                        data-testid="rate-count"
                      >
                        <span
                          class="visually-hidden"
                        >
                          Всего оценок:
                        </span>
                        3
                      </p>
                    </div>
                    <p
                      class="product-card__title"
                      data-testid="name"
                    >
                      Click Sap
                    </p>
                    <p
                      class="product-card__price"
                      data-testid="price"
                    >
                      <span
                        class="visually-hidden"
                      >
                        Цена:
                      </span>
                      9 490
                       ₽
                    </p>
                  </div>
                  <div
                    class="product-card__buttons"
                  >
                    <button
                      class="btn btn--purple product-card__btn"
                      type="button"
                    >
                      Купить
                    </button>
                    <a
                      class="btn btn--transparent"
                      href="/catalog/product/6"
                    >
                      Подробнее
                    </a>
                  </div>
                </div>
              </div>
            </div>
          </div>
        </section>
      </div>
    </div>
  </body>,
  "container": <div>
    <div
      class="page-content__section"
    >
      <section
        class="product-similar"
        data-testid="similar-products"
      >
        <div
          class="container"
        >
          <h2
            class="title title--h3"
          >
            Похожие товары
          </h2>
          <div
            class="product-similar__slider"
          >
            <div
              class="product-similar__slider-list"
            >
              <div
                class="product-card is-active"
                data-testid="product-card"
              >
                <div
                  class="product-card__img"
                >
                  <picture>
                    <source
                      srcset="img/content/orlenok.webp, img/content/orlenok@2x.webp 2x"
                      type="image/webp"
                    />
                    <img
                      alt="Орлёнок"
                      height="240"
                      src="img/content/orlenok.jpg"
                      srcset="img/content/orlenok@2x.jpg 2x"
                      width="280"
                    />
                  </picture>
                </div>
                <div
                  class="product-card__info"
                >
                  <div
                    class="rate product-card__rate"
                  >
                    <svg
                      aria-hidden="true"
                      height="16"
                      width="17"
                    >
                      <use
                        data-testid="full-star-icon"
                        xlink:href="#icon-full-star"
                      />
                    </svg>
                    <svg
                      aria-hidden="true"
                      height="16"
                      width="17"
                    >
                      <use
                        data-testid="full-star-icon"
                        xlink:href="#icon-full-star"
                      />
                    </svg>
                    <svg
                      aria-hidden="true"
                      height="16"
                      width="17"
                    >
                      <use
                        data-testid="full-star-icon"
                        xlink:href="#icon-full-star"
                      />
                    </svg>
                    <svg
                      aria-hidden="true"
                      height="16"
                      width="17"
                    >
                      <use
                        xlink:href="#icon-star"
                      />
                    </svg>
                    <svg
                      aria-hidden="true"
                      height="16"
                      width="17"
                    >
                      <use
                        xlink:href="#icon-star"
                      />
                    </svg>
                    <p
                      class="visually-hidden"
                      data-testid="rating"
                    >
                      Рейтинг: 
                      3
                    </p>
                    <p
                      class="rate__count"
                      data-testid="rate-count"
                    >
                      <span
                        class="visually-hidden"
                      >
                        Всего оценок:
                      </span>
                      17
                    </p>
                  </div>
                  <p
                    class="product-card__title"
                    data-testid="name"
                  >
                    Орлёнок
                  </p>
                  <p
                    class="product-card__price"
                    data-testid="price"
                  >
                    <span
                      class="visually-hidden"
                    >
                      Цена:
                    </span>
                    19 970
                     ₽
                  </p>
                </div>
                <div
                  class="product-card__buttons"
                >
                  <button
                    class="btn btn--purple product-card__btn"
                    type="button"
                  >
                    Купить
                  </button>
                  <a
                    class="btn btn--transparent"
                    href="/catalog/product/4"
                  >
                    Подробнее
                  </a>
                </div>
              </div>
              <div
                class="product-card is-active"
                data-testid="product-card"
              >
                <div
                  class="product-card__img"
                >
                  <picture>
                    <source
                      srcset="img/content/van-shot.webp, img/content/van-shot@2x.webp 2x"
                      type="image/webp"
                    />
                    <img
                      alt="Van Shot"
                      height="240"
                      src="img/content/van-shot.jpg"
                      srcset="img/content/van-shot@2x.jpg 2x"
                      width="280"
                    />
                  </picture>
                </div>
                <div
                  class="product-card__info"
                >
                  <div
                    class="rate product-card__rate"
                  >
                    <svg
                      aria-hidden="true"
                      height="16"
                      width="17"
                    >
                      <use
                        data-testid="full-star-icon"
                        xlink:href="#icon-full-star"
                      />
                    </svg>
                    <svg
                      aria-hidden="true"
                      height="16"
                      width="17"
                    >
                      <use
                        data-testid="full-star-icon"
                        xlink:href="#icon-full-star"
                      />
                    </svg>
                    <svg
                      aria-hidden="true"
                      height="16"
                      width="17"
                    >
                      <use
                        data-testid="full-star-icon"
                        xlink:href="#icon-full-star"
                      />
                    </svg>
                    <svg
                      aria-hidden="true"
                      height="16"
                      width="17"
                    >
                      <use
                        data-testid="full-star-icon"
                        xlink:href="#icon-full-star"
                      />
                    </svg>
                    <svg
                      aria-hidden="true"
                      height="16"
                      width="17"
                    >
                      <use
                        data-testid="full-star-icon"
                        xlink:href="#icon-full-star"
                      />
                    </svg>
                    <p
                      class="visually-hidden"
                      data-testid="rating"
                    >
                      Рейтинг: 
                      5
                    </p>
                    <p
                      class="rate__count"
                      data-testid="rate-count"
                    >
                      <span
                        class="visually-hidden"
                      >
                        Всего оценок:
                      </span>
                      2
                    </p>
                  </div>
                  <p
                    class="product-card__title"
                    data-testid="name"
                  >
                    Van Shot
                  </p>
                  <p
                    class="product-card__price"
                    data-testid="price"
                  >
                    <span
                      class="visually-hidden"
                    >
                      Цена:
                    </span>
                    149 990
                     ₽
                  </p>
                </div>
                <div
                  class="product-card__buttons"
                >
                  <button
                    class="btn btn--purple product-card__btn"
                    type="button"
                  >
                    Купить
                  </button>
                  <a
                    class="btn btn--transparent"
                    href="/catalog/product/5"
                  >
                    Подробнее
                  </a>
                </div>
              </div>
              <div
                class="product-card is-active"
                data-testid="product-card"
              >
                <div
                  class="product-card__img"
                >
                  <picture>
                    <source
                      srcset="img/content/click-sap.webp, img/content/click-sap@2x.webp 2x"
                      type="image/webp"
                    />
                    <img
                      alt="Click Sap"
                      height="240"
                      src="img/content/click-sap.jpg"
                      srcset="img/content/click-sap@2x.jpg 2x"
                      width="280"
                    />
                  </picture>
                </div>
                <div
                  class="product-card__info"
                >
                  <div
                    class="rate product-card__rate"
                  >
                    <svg
                      aria-hidden="true"
                      height="16"
                      width="17"
                    >
                      <use
                        data-testid="full-star-icon"
                        xlink:href="#icon-full-star"
                      />
                    </svg>
                    <svg
                      aria-hidden="true"
                      height="16"
                      width="17"
                    >
                      <use
                        data-testid="full-star-icon"
                        xlink:href="#icon-full-star"
                      />
                    </svg>
                    <svg
                      aria-hidden="true"
                      height="16"
                      width="17"
                    >
                      <use
                        data-testid="full-star-icon"
                        xlink:href="#icon-full-star"
                      />
                    </svg>
                    <svg
                      aria-hidden="true"
                      height="16"
                      width="17"
                    >
                      <use
                        xlink:href="#icon-star"
                      />
                    </svg>
                    <svg
                      aria-hidden="true"
                      height="16"
                      width="17"
                    >
                      <use
                        xlink:href="#icon-star"
                      />
                    </svg>
                    <p
                      class="visually-hidden"
                      data-testid="rating"
                    >
                      Рейтинг: 
                      3
                    </p>
                    <p
                      class="rate__count"
                      data-testid="rate-count"
                    >
                      <span
                        class="visually-hidden"
                      >
                        Всего оценок:
                      </span>
                      3
                    </p>
                  </div>
                  <p
                    class="product-card__title"
                    data-testid="name"
                  >
                    Click Sap
                  </p>
                  <p
                    class="product-card__price"
                    data-testid="price"
                  >
                    <span
                      class="visually-hidden"
                    >
                      Цена:
                    </span>
                    9 490
                     ₽
                  </p>
                </div>
                <div
                  class="product-card__buttons"
                >
                  <button
                    class="btn btn--purple product-card__btn"
                    type="button"
                  >
                    Купить
                  </button>
                  <a
                    class="btn btn--transparent"
                    href="/catalog/product/6"
                  >
                    Подробнее
                  </a>
                </div>
              </div>
            </div>
          </div>
        </div>
      </section>
    </div>
  </div>,
  "debug": [Function],
  "findAllByAltText": [Function],
  "findAllByDisplayValue": [Function],
  "findAllByLabelText": [Function],
  "findAllByPlaceholderText": [Function],
  "findAllByRole": [Function],
  "findAllByTestId": [Function],
  "findAllByText": [Function],
  "findAllByTitle": [Function],
  "findByAltText": [Function],
  "findByDisplayValue": [Function],
  "findByLabelText": [Function],
  "findByPlaceholderText": [Function],
  "findByRole": [Function],
  "findByTestId": [Function],
  "findByText": [Function],
  "findByTitle": [Function],
  "getAllByAltText": [Function],
  "getAllByDisplayValue": [Function],
  "getAllByLabelText": [Function],
  "getAllByPlaceholderText": [Function],
  "getAllByRole": [Function],
  "getAllByTestId": [Function],
  "getAllByText": [Function],
  "getAllByTitle": [Function],
  "getByAltText": [Function],
  "getByDisplayValue": [Function],
  "getByLabelText": [Function],
  "getByPlaceholderText": [Function],
  "getByRole": [Function],
  "getByTestId": [Function],
  "getByText": [Function],
  "getByTitle": [Function],
  "queryAllByAltText": [Function],
  "queryAllByDisplayValue": [Function],
  "queryAllByLabelText": [Function],
  "queryAllByPlaceholderText": [Function],
  "queryAllByRole": [Function],
  "queryAllByTestId": [Function],
  "queryAllByText": [Function],
  "queryAllByTitle": [Function],
  "queryByAltText": [Function],
  "queryByDisplayValue": [Function],
  "queryByLabelText": [Function],
  "queryByPlaceholderText": [Function],
  "queryByRole": [Function],
  "queryByTestId": [Function],
  "queryByText": [Function],
  "queryByTitle": [Function],
  "rerender": [Function],
  "unmount": [Function],
}
`;
