// Jest Snapshot v1, https://goo.gl/fbAQLP

exports[`CatalogPage renders correctly 1`] = `
<DocumentFragment>
  <div
    class="wrapper"
    data-testid="catalog-page"
  >
    <header />
    <addtocartmodal />
    <main>
      <promo />
      <div
        class="page-content"
      >
        <breadcrumbs />
        <catalog />
      </div>
    </main>
    <footer />
  </div>
</DocumentFragment>
`;
